C:\Users\jeets>jshell
|  Welcome to JShell -- Version 17.0.8
|  For an introduction type: /help intro

jshell> /help intro
|
|                                   intro
|                                   =====
|
|  The jshell tool allows you to execute Java code, getting immediate results.
|  You can enter a Java definition (variable, method, class, etc), like:  int x = 8
|  or a Java expression, like:  x + x
|  or a Java statement or import.
|  These little chunks of Java code are called 'snippets'.
|
|  There are also the jshell tool commands that allow you to understand and
|  control what you are doing, like:  /list
|
|  For a list of commands: /help

jshell> /help
|  Type a Java language expression, statement, or declaration.
|  Or type one of the following commands:
|  /list [<name or id>|-all|-start]
|       list the source you have typed
|  /edit <name or id>
|       edit a source entry
|  /drop <name or id>
|       delete a source entry
|  /save [-all|-history|-start] <file>
|       Save snippet source to a file
|  /open <file>
|       open a file as source input
|  /vars [<name or id>|-all|-start]
|       list the declared variables and their values
|  /methods [<name or id>|-all|-start]
|       list the declared methods and their signatures
|  /types [<name or id>|-all|-start]
|       list the type declarations
|  /imports
|       list the imported items
|  /exit [<integer-expression-snippet>]
|       exit the jshell tool
|  /env [-class-path <path>] [-module-path <path>] [-add-modules <modules>] ...
|       view or change the evaluation context
|  /reset [-class-path <path>] [-module-path <path>] [-add-modules <modules>]...
|       reset the jshell tool
|  /reload [-restore] [-quiet] [-class-path <path>] [-module-path <path>]...
|       reset and replay relevant history -- current or previous (-restore)
|  /history [-all]
|       history of what you have typed
|  /help [<command>|<subject>]
|       get information about using the jshell tool
|  /set editor|start|feedback|mode|prompt|truncation|format ...
|       set configuration information
|  /? [<command>|<subject>]
|       get information about using the jshell tool
|  /!
|       rerun last snippet -- see /help rerun
|  /<id>
|       rerun snippets by ID or ID range -- see /help rerun
|  /-<n>
|       rerun n-th previous snippet -- see /help rerun
|
|  For more information type '/help' followed by the name of a
|  command or a subject.
|  For example '/help /list' or '/help intro'.
|
|  Subjects:
|
|  intro
|       an introduction to the jshell tool
|  keys
|       a description of readline-like input editing
|  id
|       a description of snippet IDs and how use them
|  shortcuts
|       a description of keystrokes for snippet and command completion,
|       information access, and automatic code generation
|  context
|       a description of the evaluation context options for /env /reload and /reset
|  rerun
|       a description of ways to re-evaluate previously entered snippets

jshell> /list -all

  s1 : import java.io.*;
  s2 : import java.math.*;
  s3 : import java.net.*;
  s4 : import java.nio.file.*;
  s5 : import java.util.*;
  s6 : import java.util.concurrent.*;
  s7 : import java.util.function.*;
  s8 : import java.util.prefs.*;
  s9 : import java.util.regex.*;
 s10 : import java.util.stream.*;

jshell> System.out.print("Hello Artificial Brain. I'm in.")
Hello Artificial Brain. I'm in.
jshell> System.out.println("Hello Artificial Brain. I'm in.")
Hello Artificial Brain. I'm in.

jshell> int myNumber = ( 10 + 7 ) * ( 100 / 9 )
myNumber ==> 187

jshell> System.out.print(myNumber);
187
jshell> int secondNumber + 12 ;
|  Error:
|  ';' expected
|  int secondNumber + 12 ;
|                  ^

jshell> int secondNumber + 12;
|  Error:
|  ';' expected
|  int secondNumber + 12;
|                  ^

jshell> int secondNumber = 12;
secondNumber ==> 12

jshell> int thirdNumber = 6;
thirdNumber ==> 6

jshell> float fourthNumber = float(myNumber);
|  Error:
|  '.class' expected
|  float fourthNumber = float(myNumber);
|                            ^

jshell> float myNumber = float(myNumber);
|  Error:
|  '.class' expected
|  float myNumber = float(myNumber);
|                        ^

jshell> /var
|    int myNumber = 187
|    int secondNumber = 12
|    int thirdNumber = 6

jshell> int myTotal = myNumber + secondNumber + thirdNumber
myTotal ==> 205

jshell> int myTotal = myNumber + secondNumber + thirdNumber;
myTotal ==> 205

jshell> thirdNumber = thirdNumber * 3
thirdNumber ==> 18

jshell> System.out.print(myTotal);
205
jshell> System.out.print(thirdNumber);
18
jshell> System.out.print(myTotal);
205
jshell> int myLast = 1000-myTotal;
myLast ==> 795
                                                       ^-----^

jshell> System.out.print("Int ranges from " + Integer.MIN_VALUE + " to " + Integer.MAX_VALUE);
Int ranges from -2147483648 to 2147483647
jshell> System.out.print("Int ranges from " + Integer.MIN_VALUE + " to " + Integer.MAX_VALUE);
Int ranges from -2147483648 to 2147483647
jshell> System.out.print("Byte ranges from " + Byte.MIN_VALUE + " to " + Byte.MAX_VALUE);
Byte ranges from -128 to 127
jshell> System.out.print("Short ranges from " + Short.MIN_VALUE + " to " + Short.MAX_VALUE);
Short ranges from -32768 to 32767
jshell> System.out.print("Long ranges from " + Long.MIN_VALUE + " to " + Long.MAX_VALUE);
Long ranges from -9223372036854775808 to 9223372036854775807
jshell> System.out.print(Long.SIZE);
64
jshell> byte a = 10;
a ==> 10

jshell> short b = 70;
b ==> 70

jshell> int c = 90;
c ==> 90

jshell> long d = 50000 + 10L * (a + b + c);
d ==> 51700

jshell> long d = 50000L + 10L * (a + b + c);
d ==> 51700

jshell> long d = 50000 + 10 * (a + b + c);
d ==> 51700

jshell> short myTotal = (1000 + 10 * (a + b + c);
   ...>

jshell> long d = 50000 + 10 * (a + b + c));
|  Error:
|  ';' expected
|  long d = 50000 + 10 * (a + b + c));
|                                   ^

jshell> short myTotal = (1000 + 10 * (a + b + c));
|  Error:
|  incompatible types: possible lossy conversion from int to short
|  short myTotal = (1000 + 10 * (a + b + c));
|                   ^---------------------^

jshell> short myTotal = (short)(1000 + 10 * (a + b + c));
myTotal ==> 2700

jshell> short myTotal = (short) (1000 + 10 * (a + b + c));
myTotal ==> 2700

jshell> byte myToal = (1000 + 10 * (a + b + c));
|  Error:
|  incompatible types: possible lossy conversion from int to byte
|  byte myToal = (1000 + 10 * (a + b + c));
|                 ^---------------------^

jshell> byte myToal = (byte)(1000 + 10 * (a + b + c));
myToal ==> -116

jshell> int myToal = (1000 + 10 * (a + b + c));
myToal ==> 2700

jshell> int myToal = (int)(1000 + 10 * (a + b + c));
myToal ==> 2700

jshell> C = 90 /6
|  Error:
|  cannot find symbol
|    symbol:   variable C
|  C = 90 /6
|  ^

jshell> C = 90 / 6;
|  Error:
|  cannot find symbol
|    symbol:   variable C
|  C = 90 / 6;
|  ^

jshell> c = 90 / 6;
c ==> 15

jshell> c = 90 / 6f;
|  Error:
|  incompatible types: possible lossy conversion from float to int
|  c = 90 / 6f;
|      ^-----^

jshell> c = (90 / 6)f;
|  Error:
|  ';' expected
|  c = (90 / 6)f;
|              ^

jshell> c = (90 / 6);
c ==> 15

jshell> c = (float)(90 / 6);
|  Error:
|  incompatible types: possible lossy conversion from float to int
|  c = (float)(90 / 6);
|      ^-------------^

jshell> c = (float) (90 / 6);
|  Error:
|  incompatible types: possible lossy conversion from float to int
|  c = (float) (90 / 6);
|      ^--------------^

jshell> c = (float) (90 / 6)f;
|  Error:
|  ';' expected
|  c = (float) (90 / 6)f;
|                      ^
|  Error:
|  incompatible types: possible lossy conversion from float to int
|  c = (float) (90 / 6)f;
|      ^--------------^

jshell> int c = (float) (90 / 6)f;
|  Error:
|  ';' expected
|  int c = (float) (90 / 6)f;
|                          ^

jshell> int c = 90 f / 6 f;
|  Error:
|  ';' expected
|  int c = 90 f / 6 f;
|            ^

jshell> int c = 90f / 6f;
|  Error:
|  incompatible types: possible lossy conversion from float to int
|  int c = 90f / 6f;
|          ^------^

jshell> char a ='DD'
|  Error:
|  unclosed character literal
|  char a ='DD'
|          ^

jshell> char a ='D'
a ==> 'D'

jshell> String myString = "My number";
myString ==> "My number"

jshell> System.out.print(myString);
My number
jshell> System.out.print("My string is " + myString);
My string is My number
jshell> System.out.print("I wish had " + myString);
Signatures:
void PrintStream.print(boolean b)
void PrintStream.print(char c)
void PrintStream.print(int i)
void PrintStream.print(long l)
void PrintStream.print(float f)
void PrintStream.print(double d)
void PrintStream.print(char[] s)
void PrintStream.print(String s)
void PrintStream.print(Object obj)


<press tab again to see all possible completions; total possible completions: 553>
jshell>
AbstractCollection                       AbstractExecutorService                  AbstractList
AbstractMap                              AbstractMethodError                      AbstractPreferences
AbstractQueue                            AbstractSequentialList                   AbstractSet
AccessDeniedException                    AccessMode                               Appendable
ArithmeticException                      ArrayBlockingQueue                       ArrayDeque
ArrayIndexOutOfBoundsException           ArrayList                                ArrayStoreException
Arrays                                   AssertionError                           AtomicMoveNotSupportedException
Authenticator                            AutoCloseable                            BackingStoreException
Base64                                   BaseStream                               BiConsumer
BiFunction                               BiPredicate                              BigDecimal
BigInteger                               BinaryOperator                           BindException
BitSet                                   BlockingDeque                            BlockingQueue
Boolean                                  BooleanSupplier                          BootstrapMethodError
BrokenBarrierException                   BufferedInputStream                      BufferedOutputStream
BufferedReader                           BufferedWriter                           Byte
ByteArrayInputStream                     ByteArrayOutputStream                    CacheRequest
CacheResponse                            Calendar                                 Callable
CancellationException                    CharArrayReader                          CharArrayWriter
CharConversionException                  CharSequence                             Character
Class                                    ClassCastException                       ClassCircularityError
ClassFormatError                         ClassLoader                              ClassNotFoundException
ClassValue                               CloneNotSupportedException               Cloneable
Closeable                                ClosedDirectoryStreamException           ClosedFileSystemException
ClosedWatchServiceException              Collection                               Collections
Collector                                Collectors                               Comparable
Comparator                               Compiler                                 CompletableFuture
CompletionException                      CompletionService                        CompletionStage
ConcurrentHashMap                        ConcurrentLinkedDeque                    ConcurrentLinkedQueue
ConcurrentMap                            ConcurrentModificationException          ConcurrentNavigableMap
ConcurrentSkipListMap                    ConcurrentSkipListSet                    ConnectException
Console                                  Consumer                                 ContentHandler
ContentHandlerFactory                    CookieHandler                            CookieManager
CookiePolicy                             CookieStore                              CopyOnWriteArrayList
CopyOnWriteArraySet                      CopyOption                               CountDownLatch
CountedCompleter                         Currency                                 CyclicBarrier
DataInput                                DataInputStream                          DataOutput
DataOutputStream                         DatagramPacket                           DatagramSocket
DatagramSocketImpl                       DatagramSocketImplFactory                Date
DelayQueue                               Delayed                                  Deprecated
Deque                                    Dictionary                               DirectoryIteratorException
DirectoryNotEmptyException               DirectoryStream                          Double
DoubleBinaryOperator                     DoubleConsumer                           DoubleFunction
DoublePredicate                          DoubleStream                             DoubleSummaryStatistics
DoubleSupplier                           DoubleToIntFunction                      DoubleToLongFunction
DoubleUnaryOperator                      DuplicateFormatFlagsException            EOFException
EmptyStackException                      Enum                                     EnumConstantNotPresentException
EnumMap                                  EnumSet                                  Enumeration
Error                                    EventListener                            EventListenerProxy
EventObject                              Exception                                ExceptionInInitializerError
Exchanger                                ExecutionException                       Executor
ExecutorCompletionService                ExecutorService                          Executors
Externalizable                           File                                     FileAlreadyExistsException
FileDescriptor                           FileFilter                               FileInputStream
FileNameMap                              FileNotFoundException                    FileOutputStream
FilePermission                           FileReader                               FileStore
FileSystem                               FileSystemAlreadyExistsException         FileSystemException
FileSystemLoopException                  FileSystemNotFoundException              FileSystems
FileVisitOption                          FileVisitResult                          FileVisitor
FileWriter                               FilenameFilter                           Files
FilterInputStream                        FilterOutputStream                       FilterReader
FilterWriter                             Float                                    Flow
Flushable                                ForkJoinPool                             ForkJoinTask
ForkJoinWorkerThread                     FormatFlagsConversionMismatchException   Formattable
FormattableFlags                         Formatter                                FormatterClosedException
Function                                 FunctionalInterface                      Future
FutureTask                               GregorianCalendar                        HashMap
HashSet                                  Hashtable                                HexFormat
HttpCookie                               HttpRetryException                       HttpURLConnection
IDN                                      IOError                                  IOException
IdentityHashMap                          IllegalAccessError                       IllegalAccessException
IllegalArgumentException                 IllegalCallerException                   IllegalFormatCodePointException
IllegalFormatConversionException         IllegalFormatException                   IllegalFormatFlagsException
IllegalFormatPrecisionException          IllegalFormatWidthException              IllegalMonitorStateException
IllegalStateException                    IllegalThreadStateException              IllformedLocaleException
IncompatibleClassChangeError             IndexOutOfBoundsException                Inet4Address
Inet6Address                             InetAddress                              InetSocketAddress
InheritableThreadLocal                   InputMismatchException                   InputStream
InputStreamReader                        InstantiationError                       InstantiationException
IntBinaryOperator                        IntConsumer                              IntFunction
IntPredicate                             IntStream                                IntSummaryStatistics
IntSupplier                              IntToDoubleFunction                      IntToLongFunction
IntUnaryOperator                         Integer                                  InterfaceAddress
InternalError                            InterruptedException                     InterruptedIOException
InvalidClassException                    InvalidObjectException                   InvalidPathException
InvalidPreferencesFormatException        InvalidPropertiesFormatException         Iterable
Iterator                                 JarURLConnection                         LayerInstantiationException
LineNumberInputStream                    LineNumberReader                         LinkOption
LinkPermission                           LinkageError                             LinkedBlockingDeque
LinkedBlockingQueue                      LinkedHashMap                            LinkedHashSet
LinkedList                               LinkedTransferQueue                      List
ListIterator                             ListResourceBundle                       Locale
Long                                     LongBinaryOperator                       LongConsumer
LongFunction                             LongPredicate                            LongStream
LongSummaryStatistics                    LongSupplier                             LongToDoubleFunction
LongToIntFunction                        LongUnaryOperator                        MalformedURLException
Map                                      MatchResult                              Matcher
Math                                     MathContext                              MissingFormatArgumentException
MissingFormatWidthException              MissingResourceException                 Module
ModuleLayer                              MulticastSocket                          NavigableMap
NavigableSet                             NegativeArraySizeException               NetPermission
NetworkInterface                         NoClassDefFoundError                     NoRouteToHostException
NoSuchElementException                   NoSuchFieldError                         NoSuchFieldException
NoSuchFileException                      NoSuchMethodError                        NoSuchMethodException
NodeChangeEvent                          NodeChangeListener                       NotActiveException
NotDirectoryException                    NotLinkException                         NotSerializableException
NullPointerException                     Number                                   NumberFormatException
ObjDoubleConsumer                        ObjIntConsumer                           ObjLongConsumer
Object                                   ObjectInput                              ObjectInputFilter
ObjectInputStream                        ObjectInputValidation                    ObjectOutput
ObjectOutputStream                       ObjectStreamClass                        ObjectStreamConstants
ObjectStreamException                    ObjectStreamField                        Objects
Observable                               Observer                                 OpenOption
Optional                                 OptionalDataException                    OptionalDouble
OptionalInt                              OptionalLong                             OutOfMemoryError
OutputStream                             OutputStreamWriter                       Override
Package                                  PasswordAuthentication                   Path
PathMatcher                              Paths                                    Pattern
PatternSyntaxException                   Phaser                                   PipedInputStream
PipedOutputStream                        PipedReader                              PipedWriter
PortUnreachableException                 Predicate                                PreferenceChangeEvent
PreferenceChangeListener                 Preferences                              PreferencesFactory
PrimitiveIterator                        PrintStream                              PrintWriter
PriorityBlockingQueue                    PriorityQueue                            Process
ProcessBuilder                           ProcessHandle                            Properties
PropertyPermission                       PropertyResourceBundle                   ProtocolException
ProtocolFamily                           ProviderMismatchException                ProviderNotFoundException
Proxy                                    ProxySelector                            PushbackInputStream
PushbackReader                           Queue                                    Random
RandomAccess                             RandomAccessFile                         ReadOnlyFileSystemException
Readable                                 Reader                                   Record
RecursiveAction                          RecursiveTask                            ReflectiveOperationException
RejectedExecutionException               RejectedExecutionHandler                 ResourceBundle
ResponseCache                            RoundingMode                             Runnable
RunnableFuture                           RunnableScheduledFuture                  Runtime
RuntimeException                         RuntimePermission                        SafeVarargs
Scanner                                  ScheduledExecutorService                 ScheduledFuture
ScheduledThreadPoolExecutor              SecureCacheResponse                      SecureDirectoryStream
SecurityException                        SecurityManager                          Semaphore
SequenceInputStream                      Serial                                   Serializable
SerializablePermission                   ServerSocket                             ServiceConfigurationError
ServiceLoader                            Set                                      Short
SimpleFileVisitor                        SimpleTimeZone                           Socket
SocketAddress                            SocketException                          SocketImpl
SocketImplFactory                        SocketOption                             SocketOptions
SocketPermission                         SocketTimeoutException                   SortedMap
SortedSet                                Spliterator                              Spliterators
SplittableRandom                         Stack                                    StackOverflowError
StackTraceElement                        StackWalker                              StandardCopyOption
StandardOpenOption                       StandardProtocolFamily                   StandardSocketOptions
StandardWatchEventKinds                  Stream                                   StreamCorruptedException
StreamSupport                            StreamTokenizer                          StrictMath
String                                   StringBuffer                             StringBufferInputStream
StringBuilder                            StringIndexOutOfBoundsException          StringJoiner
StringReader                             StringTokenizer                          StringWriter
SubmissionPublisher                      Supplier                                 SuppressWarnings
SyncFailedException                      SynchronousQueue                         System
Thread                                   ThreadDeath                              ThreadFactory
ThreadGroup                              ThreadLocal                              ThreadLocalRandom
ThreadPoolExecutor                       Throwable                                TimeUnit
TimeZone                                 TimeoutException                         Timer
TimerTask                                ToDoubleBiFunction                       ToDoubleFunction
ToIntBiFunction                          ToIntFunction                            ToLongBiFunction
ToLongFunction                           TooManyListenersException                TransferQueue
TreeMap                                  TreeSet                                  TypeNotPresentException
URI                                      URISyntaxException                       URL
URLClassLoader                           URLConnection                            URLDecoder
URLEncoder                               URLPermission                            URLStreamHandler
URLStreamHandlerFactory                  UTFDataFormatException                   UUID
UnaryOperator                            UncheckedIOException                     UnixDomainSocketAddress
UnknownError                             UnknownFormatConversionException         UnknownFormatFlagsException
UnknownHostException                     UnknownServiceException                  UnsatisfiedLinkError
UnsupportedClassVersionError             UnsupportedEncodingException             UnsupportedOperationException
Vector                                   VerifyError                              VirtualMachineError
Void                                     WatchEvent                               WatchKey
WatchService                             Watchable                                WeakHashMap
WriteAbortedException                    Writer                                   a
b                                        boolean                                  byte
char                                     com.                                     d
double                                   float                                    int
java.                                    javax.                                   jdk.
long                                     myLast                                   myNumber
myString                                 myToal                                   myTotal
netscape.                                org.                                     secondNumber
short                                    sun.                                     thirdNumber
void
jshell> char mm = 'A';
mm ==> 'A'

jshell> char nn = 'B';
nn ==> 'B'

jshell> System.out.print(mm + nn);
131
jshell> System.out.print("" + mm + nn);
AB
jshell> {
   ...>     int result = 1;
   ...>     result = result + 1;
   ...>     System.out.print("result: " + result);
   ...> }
result: 2
jshell> {
   ...>     int result = 1;
   ...>     result++;
   ...>     System.out.print("result: " + result);
   ...> }
result: 2
jshell> {
   ...>     int result = 1;
   ...>     result--;
   ...>     System.out.print("result: " + result);
   ...> }
result: 0
jshell> {
   ...>     int result = 1;
   ...>     result -= 1;
   ...>     System.out.print("result: " + result);
   ...> }
result: 0
jshell> {
   ...>     int result = 10;
   ...>     result -= 7;
   ...>     System.out.print("result: " + result);
   ...> }
result: 3
jshell>





public class PositiveNegativeZero {
    // write code here

        public static void checkNumber(int number) {

        if (number > 0) {
            System.out.println("positive");
        } else if (number < 0) {
            System.out.println("negative");
        } else {
            System.out.println("zero");
            
        }
    }
}




public class SpeedConverter {
    
    public static long toMilesPerHour(double kilometersPerHour) {
        
        if (kilometersPerHour<0) {
            return -1;
        }

        else {
            long rounded = Math.round(kilometersPerHour/1.609);
            return rounded;
        }
            
    }
    
    public static void printConversion(double kilometersPerHour) {
        if (kilometersPerHour>=0) {
            double milesPerHour = kilometersPerHour/1.609;
            long rounded = Math.round(milesPerHour);
            System.out.println(kilometersPerHour + " km/h = " + rounded + " mi/h");
        } else {
            System.out.println("Invalid Value");
        }
    }
}



public class MyJava {
    public static void main(String[] args) {

        System.out.println("Hello world!");
        //byte b= 127;
        int  a= 257;
        byte b = (byte)a;
        System.out.println(b);


        float f =5.6f;
        int g = (int) f;
        System.out.println(g);

        byte y = 10;
        byte z = 30;
        int result = a * b;
        System.out.println(result);


        int m,n;
        m=n=10;
        System.out.println("m is : " + m);
        System.out.println("n is : " +n);


        int o = 3;

        int p = 6;
        System.out.println(o);
        System.out.println(p);
        System.out.println(~o);
        System.out.println(~p);
        int res = (~o & p) | (o & ~p);
        System.out.println(res);


        if(true) {

            System.out.println("Navin Reddy");
        }


        int x=2;

        switch(x) {

            case 1:

            case 2:

            case 3:

                System.out.println("Fly");

                break;

            case 4:

                System.out.println("Swim");

        }

        int jj = 5;

        int kk = 10;

        int pp  = (jj++ > 5 && kk-- < 10) ? jj-- : kk;
        System.out.println(jj);
                System.out.println(jj++);


        int cd, bc;

        cd = 100;

        bc = 300;

        while(++cd < --bc);

        System.out.println(++cd);

        char ch = 'a';

        char resu = (char)(ch + 1);

        System.out.println(resu);

        byte b1=5,b2=6;

        byte b3=(byte)(b1+b2);

        System.out.println(b3);

    }
}


